
Allocating common symbols
Common symbol       size              file

Bss_var             0x4               main.o

Memory Configuration

Name             Origin             Length             Attributes
flash            0x08000000         0x00020000         xr
sram             0x20000000         0x00005000         xrw
*default*        0x00000000         0xffffffff

Linker script and memory map


.text           0x08000000      0x13c
 *(.vectors*)
 .vectors       0x08000000       0x4c startup.o
 *(.text*)
 .text          0x0800004c       0xe8 main.o
                0x0800004c                main
 .text          0x08000134        0x8 startup.o
 *(.rodata)

.glue_7         0x0800013c        0x0
 .glue_7        0x00000000        0x0 linker stubs

.glue_7t        0x0800013c        0x0
 .glue_7t       0x00000000        0x0 linker stubs

.vfp11_veneer   0x0800013c        0x0
 .vfp11_veneer  0x00000000        0x0 linker stubs

.v4_bx          0x0800013c        0x0
 .v4_bx         0x00000000        0x0 linker stubs

.iplt           0x0800013c        0x0
 .iplt          0x00000000        0x0 main.o

.rel.dyn        0x0800013c        0x0
 .rel.iplt      0x00000000        0x0 main.o

.data           0x0800013c        0xc
 *(.data)
 .data          0x0800013c        0xc main.o
                0x0800013c                ODR
                0x08000140                data_var
                0x08000144                rodata_var
 .data          0x08000148        0x0 startup.o

.igot.plt       0x08000148        0x0
 .igot.plt      0x00000000        0x0 main.o

.bss            0x20000000        0x8
 *(.bss*)
 .bss           0x20000000        0x4 main.o
                0x20000000                i
 .bss           0x20000004        0x0 startup.o
 COMMON         0x20000004        0x4 main.o
                0x20000004                Bss_var
LOAD main.o
LOAD startup.o
OUTPUT(learn-in-depth_cortexM3.elf elf32-littlearm)

.debug_info     0x00000000      0x2dd
 .debug_info    0x00000000      0x277 main.o
 .debug_info    0x00000277       0x66 startup.o

.debug_abbrev   0x00000000       0xda
 .debug_abbrev  0x00000000       0xc6 main.o
 .debug_abbrev  0x000000c6       0x14 startup.o

.debug_loc      0x00000000       0x2c
 .debug_loc     0x00000000       0x2c main.o

.debug_aranges  0x00000000       0x40
 .debug_aranges
                0x00000000       0x20 main.o
 .debug_aranges
                0x00000020       0x20 startup.o

.debug_line     0x00000000       0xa4
 .debug_line    0x00000000       0x69 main.o
 .debug_line    0x00000069       0x3b startup.o

.debug_str      0x00000000      0x148
 .debug_str     0x00000000      0x148 main.o
                                0x16a (size before relaxing)

.comment        0x00000000       0x11
 .comment       0x00000000       0x11 main.o
                                 0x12 (size before relaxing)

.ARM.attributes
                0x00000000       0x31
 .ARM.attributes
                0x00000000       0x33 main.o
 .ARM.attributes
                0x00000033       0x21 startup.o

.debug_frame    0x00000000       0x28
 .debug_frame   0x00000000       0x28 main.o
