22:39:39 **** Incremental Build of configuration Debug for project lab3 ****
make -j8 all 
arm-none-eabi-gcc "../Src/main.c" -mcpu=cortex-m3 -std=gnu11 -g3 -DSTM32 -DSTM32F1 -DSTM32F103C8Tx -DDEBUG -c -I../Inc -O0 -ffunction-sections -fdata-sections -Wall -fstack-usage -MMD -MP -MF"Src/main.d" -MT"Src/main.o" --specs=nano.specs -mfloat-abi=soft -mthumb -o "Src/main.o"
arm-none-eabi-gcc -o "lab3.elf" @"objects.list"   -mcpu=cortex-m3 -T"D:\learn in depth\unit6_MCU_Fund\Lesson3\lab3\lab3\STM32F103C8TX_FLASH.ld" --specs=nosys.specs -Wl,-Map="lab3.map" -Wl,--gc-sections -static --specs=nano.specs -mfloat-abi=soft -mthumb -Wl,--start-group -lc -lm -Wl,--end-group
Finished building target: lab3.elf
 
arm-none-eabi-objdump -h -S  lab3.elf  > "lab3.list"
arm-none-eabi-objcopy  -O binary  lab3.elf  "lab3.bin"
arm-none-eabi-size   lab3.elf 
   text	   data	    bss	    dec	    hex	filename
    768	     12	   1564	   2344	    928	lab3.elf
Finished building: default.size.stdout
 
Finished building: lab3.bin
 
Finished building: lab3.list
 
